warning: `VIRTUAL_ENV=/home/azimeh/Desktop/Code/SafeCheck/backend/.venv` does not match the project environment path `.venv` and will be ignored; use `--active` to target the active environment instead
2026-09-20 17:12:31 | INFO | plant.server | Starting SafeCheck Plant Modbus TCP server on 0.0.0.0:5020...
2026-09-20 17:12:32 | INFO | plant.server | tick -> water_level=49.0 pump=False valve=True
2026-09-20 17:12:33 | INFO | plant.server | tick -> water_level=48.0 pump=False valve=True
2026-09-20 17:12:34 | INFO | plant.server | tick -> water_level=47.0 pump=False valve=True
2026-09-20 17:12:35 | INFO | plant.server | tick -> water_level=46.0 pump=False valve=True
2026-09-20 17:12:36 | INFO | plant.server | tick -> water_level=45.0 pump=False valve=True
2026-09-20 17:12:37 | INFO | plant.server | tick -> water_level=44.0 pump=False valve=True
2026-09-20 17:12:38 | INFO | plant.server | tick -> water_level=43.0 pump=False valve=True
2026-09-20 17:12:39 | INFO | plant.server | tick -> water_level=42.0 pump=False valve=True
2026-09-20 17:12:40 | INFO | plant.server | tick -> water_level=41.0 pump=False valve=True
2026-09-20 17:12:41 | INFO | plant.server | tick -> water_level=40.0 pump=False valve=True
2026-09-20 17:12:42 | INFO | plant.server | tick -> water_level=39.0 pump=False valve=True
2026-09-20 17:12:43 | INFO | plant.server | tick -> water_level=38.0 pump=False valve=True
2026-09-20 17:12:44 | INFO | plant.server | tick -> water_level=37.0 pump=False valve=True
2026-09-20 17:12:45 | INFO | plant.server | tick -> water_level=36.0 pump=False valve=True
2026-09-20 17:12:46 | INFO | plant.server | tick -> water_level=35.0 pump=False valve=True
2026-09-20 17:12:47 | INFO | plant.server | tick -> water_level=34.0 pump=False valve=True
2026-09-20 17:12:48 | INFO | plant.server | tick -> water_level=33.0 pump=False valve=True
2026-09-20 17:12:49 | INFO | plant.server | tick -> water_level=32.0 pump=False valve=True
2026-09-20 17:12:50 | INFO | plant.server | tick -> water_level=31.0 pump=False valve=True
2026-09-20 17:12:51 | INFO | plant.server | tick -> water_level=30.0 pump=False valve=True
2026-09-20 17:12:52 | INFO | plant.server | tick -> water_level=30.0 pump=False valve=False
2026-09-20 17:12:53 | INFO | plant.server | tick -> water_level=30.0 pump=False valve=False
2026-09-20 17:12:54 | INFO | plant.server | tick -> water_level=30.0 pump=False valve=False
2026-09-20 17:12:55 | INFO | plant.server | tick -> water_level=30.0 pump=False valve=False
2026-09-20 17:12:56 | INFO | plant.server | tick -> water_level=30.0 pump=False valve=False
2026-09-20 17:12:57 | INFO | plant.server | tick -> water_level=30.0 pump=False valve=False
2026-09-20 17:12:58 | INFO | plant.server | tick -> water_level=31.0 pump=True valve=False
2026-09-20 17:12:59 | INFO | plant.server | tick -> water_level=32.0 pump=True valve=False
2026-09-20 17:13:00 | INFO | plant.server | tick -> water_level=33.0 pump=True valve=False
2026-09-20 17:13:01 | INFO | plant.server | tick -> water_level=34.0 pump=True valve=False
2026-09-20 17:13:02 | INFO | plant.server | tick -> water_level=35.0 pump=True valve=False
2026-09-20 17:13:03 | INFO | plant.server | tick -> water_level=36.0 pump=True valve=False
2026-09-20 17:13:04 | INFO | plant.server | tick -> water_level=37.0 pump=True valve=False
2026-09-20 17:13:05 | INFO | plant.server | tick -> water_level=38.0 pump=True valve=False
2026-09-20 17:13:06 | INFO | plant.server | tick -> water_level=39.0 pump=True valve=False
2026-09-20 17:13:07 | INFO | plant.server | tick -> water_level=40.0 pump=True valve=False
2026-09-20 17:13:08 | INFO | plant.server | tick -> water_level=41.0 pump=True valve=False
2026-09-20 17:13:09 | INFO | plant.server | tick -> water_level=42.0 pump=True valve=False
2026-09-20 17:13:10 | INFO | plant.server | tick -> water_level=43.0 pump=True valve=False
2026-09-20 17:13:11 | INFO | plant.server | tick -> water_level=44.0 pump=True valve=False
2026-09-20 17:13:12 | INFO | plant.server | tick -> water_level=45.0 pump=True valve=False
2026-09-20 17:13:13 | INFO | plant.server | tick -> water_level=46.0 pump=True valve=False
2026-09-20 17:13:14 | INFO | plant.server | tick -> water_level=47.0 pump=True valve=False
2026-09-20 17:13:15 | INFO | plant.server | tick -> water_level=48.0 pump=True valve=False
2026-09-20 17:13:16 | INFO | plant.server | tick -> water_level=49.0 pump=True valve=False
2026-09-20 17:13:18 | INFO | plant.server | tick -> water_level=50.0 pump=True valve=False
2026-09-20 17:13:19 | INFO | plant.server | tick -> water_level=51.0 pump=True valve=False
2026-09-20 17:13:20 | INFO | plant.server | tick -> water_level=52.0 pump=True valve=False
2026-09-20 17:13:21 | INFO | plant.server | tick -> water_level=53.0 pump=True valve=False
2026-09-20 17:13:22 | INFO | plant.server | tick -> water_level=54.0 pump=True valve=False
2026-09-20 17:13:23 | INFO | plant.server | tick -> water_level=55.0 pump=True valve=False
2026-09-20 17:13:24 | INFO | plant.server | tick -> water_level=56.0 pump=True valve=False
2026-09-20 17:13:25 | INFO | plant.server | tick -> water_level=57.0 pump=True valve=False
2026-09-20 17:13:26 | INFO | plant.server | tick -> water_level=58.0 pump=True valve=False
2026-09-20 17:13:27 | INFO | plant.server | tick -> water_level=59.0 pump=True valve=False
2026-09-20 17:13:28 | INFO | plant.server | tick -> water_level=60.0 pump=True valve=False
2026-09-20 17:13:29 | INFO | plant.server | tick -> water_level=61.0 pump=True valve=False
2026-09-20 17:13:30 | INFO | plant.server | tick -> water_level=62.0 pump=True valve=False
2026-09-20 17:13:31 | INFO | plant.server | tick -> water_level=63.0 pump=True valve=False
2026-09-20 17:13:32 | INFO | plant.server | tick -> water_level=64.0 pump=True valve=False
2026-09-20 17:13:33 | INFO | plant.server | tick -> water_level=65.0 pump=True valve=False
2026-09-20 17:13:34 | INFO | plant.server | tick -> water_level=66.0 pump=True valve=False
2026-09-20 17:13:35 | INFO | plant.server | tick -> water_level=67.0 pump=True valve=False
2026-09-20 17:13:36 | INFO | plant.server | tick -> water_level=68.0 pump=True valve=False
2026-09-20 17:13:37 | INFO | plant.server | tick -> water_level=69.0 pump=True valve=False
2026-09-20 17:13:38 | INFO | plant.server | tick -> water_level=70.0 pump=True valve=False
2026-09-20 17:13:39 | INFO | plant.server | tick -> water_level=71.0 pump=True valve=False
2026-09-20 17:13:40 | INFO | plant.server | tick -> water_level=72.0 pump=True valve=False
2026-09-20 17:13:41 | INFO | plant.server | tick -> water_level=73.0 pump=True valve=False
2026-09-20 17:13:42 | INFO | plant.server | tick -> water_level=74.0 pump=True valve=False
2026-09-20 17:13:43 | INFO | plant.server | tick -> water_level=75.0 pump=True valve=False
2026-09-20 17:13:44 | INFO | plant.server | tick -> water_level=76.0 pump=True valve=False
2026-09-20 17:13:45 | INFO | plant.server | tick -> water_level=77.0 pump=True valve=False
2026-09-20 17:13:46 | INFO | plant.server | tick -> water_level=77.0 pump=False valve=False
2026-09-20 17:13:47 | INFO | plant.server | tick -> water_level=77.0 pump=False valve=False
2026-09-20 17:13:48 | INFO | plant.server | tick -> water_level=77.0 pump=False valve=False
2026-09-20 17:13:49 | INFO | plant.server | tick -> water_level=76.0 pump=False valve=True
2026-09-20 17:13:50 | INFO | plant.server | tick -> water_level=75.0 pump=False valve=True
2026-09-20 17:13:51 | INFO | plant.server | tick -> water_level=75.0 pump=False valve=False
2026-09-20 17:13:52 | INFO | plant.server | tick -> water_level=75.0 pump=False valve=False
2026-09-20 17:13:53 | INFO | plant.server | tick -> water_level=74.0 pump=False valve=True
2026-09-20 17:13:54 | INFO | plant.server | tick -> water_level=73.0 pump=False valve=True
2026-09-20 17:13:55 | INFO | plant.server | tick -> water_level=73.0 pump=False valve=False
2026-09-20 17:13:56 | INFO | plant.server | tick -> water_level=73.0 pump=False valve=False
2026-09-20 17:13:57 | INFO | plant.server | tick -> water_level=72.0 pump=False valve=True
2026-09-20 17:13:58 | INFO | plant.server | tick -> water_level=71.0 pump=False valve=True
2026-09-20 17:13:59 | INFO | plant.server | tick -> water_level=71.0 pump=False valve=False
2026-09-20 17:14:00 | INFO | plant.server | tick -> water_level=71.0 pump=False valve=False
2026-09-20 17:14:01 | INFO | plant.server | tick -> water_level=71.0 pump=False valve=False
2026-09-20 17:14:02 | INFO | plant.server | tick -> water_level=71.0 pump=False valve=False
2026-09-20 17:14:03 | INFO | plant.server | tick -> water_level=71.0 pump=False valve=False
2026-09-20 17:14:04 | INFO | plant.server | tick -> water_level=71.0 pump=False valve=False
2026-09-20 17:14:05 | INFO | plant.server | tick -> water_level=71.0 pump=False valve=False
2026-09-20 17:14:06 | INFO | plant.server | tick -> water_level=71.0 pump=False valve=False
2026-09-20 17:14:07 | INFO | plant.server | tick -> water_level=71.0 pump=False valve=False
2026-09-20 17:14:08 | INFO | plant.server | tick -> water_level=71.0 pump=False valve=False
2026-09-20 17:14:09 | INFO | plant.server | tick -> water_level=71.0 pump=False valve=False
2026-09-20 17:14:10 | INFO | plant.server | tick -> water_level=71.0 pump=False valve=False
2026-09-20 17:14:11 | INFO | plant.server | tick -> water_level=71.0 pump=False valve=False
2026-09-20 17:14:12 | INFO | plant.server | tick -> water_level=71.0 pump=False valve=False
2026-09-20 17:14:13 | INFO | plant.server | tick -> water_level=71.0 pump=False valve=False
2026-09-20 17:14:14 | INFO | plant.server | tick -> water_level=71.0 pump=False valve=False
2026-09-20 17:14:15 | INFO | plant.server | tick -> water_level=71.0 pump=False valve=False
2026-09-20 17:14:16 | INFO | plant.server | tick -> water_level=71.0 pump=False valve=False
2026-09-20 17:14:17 | INFO | plant.server | tick -> water_level=71.0 pump=False valve=False
2026-09-20 17:14:18 | INFO | plant.server | tick -> water_level=71.0 pump=False valve=False
2026-09-20 17:14:19 | INFO | plant.server | tick -> water_level=71.0 pump=False valve=False
2026-09-20 17:14:20 | INFO | plant.server | tick -> water_level=71.0 pump=False valve=False
2026-09-20 17:14:21 | INFO | plant.server | tick -> water_level=71.0 pump=False valve=False
2026-09-20 17:14:22 | INFO | plant.server | tick -> water_level=71.0 pump=False valve=False
2026-09-20 17:14:23 | INFO | plant.server | tick -> water_level=71.0 pump=False valve=False
2026-09-20 17:14:24 | INFO | plant.server | tick -> water_level=71.0 pump=False valve=False
2026-09-20 17:14:25 | INFO | plant.server | tick -> water_level=71.0 pump=False valve=False
2026-09-20 17:14:26 | INFO | plant.server | tick -> water_level=71.0 pump=False valve=False
2026-09-20 17:14:27 | INFO | plant.server | tick -> water_level=71.0 pump=False valve=False
2026-09-20 17:14:28 | INFO | plant.server | tick -> water_level=71.0 pump=False valve=False
2026-09-20 17:14:29 | INFO | plant.server | tick -> water_level=71.0 pump=False valve=False
2026-09-20 17:14:30 | INFO | plant.server | tick -> water_level=71.0 pump=False valve=False
2026-09-20 17:14:31 | INFO | plant.server | tick -> water_level=71.0 pump=False valve=False
2026-09-20 17:14:32 | INFO | plant.server | tick -> water_level=71.0 pump=False valve=False
2026-09-20 17:14:33 | INFO | plant.server | tick -> water_level=71.0 pump=False valve=False
2026-09-20 17:14:34 | INFO | plant.server | tick -> water_level=71.0 pump=False valve=False
2026-09-20 17:14:35 | INFO | plant.server | tick -> water_level=71.0 pump=False valve=False
2026-09-20 17:14:36 | INFO | plant.server | tick -> water_level=71.0 pump=False valve=False
2026-09-20 17:14:37 | INFO | plant.server | tick -> water_level=71.0 pump=False valve=False
2026-09-20 17:14:38 | INFO | plant.server | tick -> water_level=71.0 pump=False valve=False
2026-09-20 17:14:39 | INFO | plant.server | tick -> water_level=71.0 pump=False valve=False
2026-09-20 17:14:40 | INFO | plant.server | tick -> water_level=71.0 pump=False valve=False
2026-09-20 17:14:41 | INFO | plant.server | tick -> water_level=71.0 pump=False valve=False
2026-09-20 17:14:42 | INFO | plant.server | tick -> water_level=71.0 pump=False valve=False
2026-09-20 17:14:43 | INFO | plant.server | tick -> water_level=71.0 pump=False valve=False
2026-09-20 17:14:44 | INFO | plant.server | tick -> water_level=71.0 pump=False valve=False
2026-09-20 17:14:45 | INFO | plant.server | tick -> water_level=71.0 pump=False valve=False
2026-09-20 17:14:46 | INFO | plant.server | tick -> water_level=71.0 pump=False valve=False
2026-09-20 17:14:47 | INFO | plant.server | tick -> water_level=71.0 pump=False valve=False
2026-09-20 17:14:48 | INFO | plant.server | tick -> water_level=71.0 pump=False valve=False
2026-09-20 17:14:49 | INFO | plant.server | tick -> water_level=71.0 pump=False valve=False
2026-09-20 17:14:50 | INFO | plant.server | tick -> water_level=71.0 pump=False valve=False
2026-09-20 17:14:51 | INFO | plant.server | tick -> water_level=70.0 pump=False valve=True
2026-09-20 17:14:52 | INFO | plant.server | tick -> water_level=69.0 pump=False valve=True
2026-09-20 17:14:53 | INFO | plant.server | tick -> water_level=68.0 pump=False valve=True
2026-09-20 17:14:54 | INFO | plant.server | tick -> water_level=67.0 pump=False valve=True
2026-09-20 17:14:55 | INFO | plant.server | tick -> water_level=66.0 pump=False valve=True
2026-09-20 17:14:56 | INFO | plant.server | tick -> water_level=65.0 pump=False valve=True
2026-09-20 17:14:57 | INFO | plant.server | tick -> water_level=64.0 pump=False valve=True
2026-09-20 17:14:58 | INFO | plant.server | tick -> water_level=63.0 pump=False valve=True
2026-09-20 17:14:59 | INFO | plant.server | tick -> water_level=62.0 pump=False valve=True
2026-09-20 17:15:00 | INFO | plant.server | tick -> water_level=61.0 pump=False valve=True
2026-09-20 17:15:01 | INFO | plant.server | tick -> water_level=60.0 pump=False valve=True
2026-09-20 17:15:02 | INFO | plant.server | tick -> water_level=59.0 pump=False valve=True
2026-09-20 17:15:03 | INFO | plant.server | tick -> water_level=58.0 pump=False valve=True
2026-09-20 17:15:04 | INFO | plant.server | tick -> water_level=57.0 pump=False valve=True
2026-09-20 17:15:05 | INFO | plant.server | tick -> water_level=56.0 pump=False valve=True
2026-09-20 17:15:06 | INFO | plant.server | tick -> water_level=55.0 pump=False valve=True
2026-09-20 17:15:07 | INFO | plant.server | tick -> water_level=54.0 pump=False valve=True
2026-09-20 17:15:08 | INFO | plant.server | tick -> water_level=53.0 pump=False valve=True
2026-09-20 17:15:09 | INFO | plant.server | tick -> water_level=52.0 pump=False valve=True
2026-09-20 17:15:10 | INFO | plant.server | tick -> water_level=51.0 pump=False valve=True
2026-09-20 17:15:11 | INFO | plant.server | tick -> water_level=50.0 pump=False valve=True
2026-09-20 17:15:12 | INFO | plant.server | tick -> water_level=49.0 pump=False valve=True
2026-09-20 17:15:13 | INFO | plant.server | tick -> water_level=48.0 pump=False valve=True
2026-09-20 17:15:14 | INFO | plant.server | tick -> water_level=47.0 pump=False valve=True
2026-09-20 17:15:15 | INFO | plant.server | tick -> water_level=46.0 pump=False valve=True
2026-09-20 17:15:16 | INFO | plant.server | tick -> water_level=45.0 pump=False valve=True
2026-09-20 17:15:17 | INFO | plant.server | tick -> water_level=44.0 pump=False valve=True
2026-09-20 17:15:18 | INFO | plant.server | tick -> water_level=43.0 pump=False valve=True
2026-09-20 17:15:19 | INFO | plant.server | tick -> water_level=42.0 pump=False valve=True
2026-09-20 17:15:20 | INFO | plant.server | tick -> water_level=41.0 pump=False valve=True
2026-09-20 17:15:21 | INFO | plant.server | tick -> water_level=40.0 pump=False valve=True
2026-09-20 17:15:22 | INFO | plant.server | tick -> water_level=39.0 pump=False valve=True
2026-09-20 17:15:23 | INFO | plant.server | tick -> water_level=38.0 pump=False valve=True
2026-09-20 17:15:24 | INFO | plant.server | tick -> water_level=37.0 pump=False valve=True
2026-09-20 17:15:25 | INFO | plant.server | tick -> water_level=36.0 pump=False valve=True
2026-09-20 17:15:26 | INFO | plant.server | tick -> water_level=35.0 pump=False valve=True
2026-09-20 17:15:27 | INFO | plant.server | tick -> water_level=34.0 pump=False valve=True
2026-09-20 17:15:28 | INFO | plant.server | tick -> water_level=33.0 pump=False valve=True
2026-09-20 17:15:29 | INFO | plant.server | tick -> water_level=32.0 pump=False valve=True
2026-09-20 17:15:30 | INFO | plant.server | tick -> water_level=31.0 pump=False valve=True
2026-09-20 17:15:31 | INFO | plant.server | tick -> water_level=30.0 pump=False valve=True
2026-09-20 17:15:32 | INFO | plant.server | tick -> water_level=30.0 pump=False valve=False
2026-09-20 17:15:33 | INFO | plant.server | tick -> water_level=30.0 pump=False valve=False
2026-09-20 17:15:34 | INFO | plant.server | tick -> water_level=30.0 pump=False valve=False
2026-09-20 17:15:35 | INFO | plant.server | tick -> water_level=30.0 pump=False valve=False
2026-09-20 17:15:36 | INFO | plant.server | tick -> water_level=30.0 pump=False valve=False
2026-09-20 17:15:37 | INFO | plant.server | tick -> water_level=30.0 pump=False valve=False
2026-09-20 17:15:38 | INFO | plant.server | tick -> water_level=31.0 pump=True valve=False
2026-09-20 17:15:39 | INFO | plant.server | tick -> water_level=32.0 pump=True valve=False
2026-09-20 17:15:40 | INFO | plant.server | tick -> water_level=33.0 pump=True valve=False
2026-09-20 17:15:41 | INFO | plant.server | tick -> water_level=34.0 pump=True valve=False
2026-09-20 17:15:42 | INFO | plant.server | tick -> water_level=35.0 pump=True valve=False
2026-09-20 17:15:43 | INFO | plant.server | tick -> water_level=36.0 pump=True valve=False
2026-09-20 17:15:44 | INFO | plant.server | tick -> water_level=37.0 pump=True valve=False
2026-09-20 17:15:45 | INFO | plant.server | tick -> water_level=38.0 pump=True valve=False
2026-09-20 17:15:46 | INFO | plant.server | tick -> water_level=39.0 pump=True valve=False
2026-09-20 17:15:47 | INFO | plant.server | tick -> water_level=40.0 pump=True valve=False
2026-09-20 17:15:48 | INFO | plant.server | tick -> water_level=41.0 pump=True valve=False
2026-09-20 17:15:49 | INFO | plant.server | tick -> water_level=42.0 pump=True valve=False
2026-09-20 17:15:50 | INFO | plant.server | tick -> water_level=43.0 pump=True valve=False
2026-09-20 17:15:51 | INFO | plant.server | tick -> water_level=44.0 pump=True valve=False
2026-09-20 17:15:52 | INFO | plant.server | tick -> water_level=45.0 pump=True valve=False
2026-09-20 17:15:53 | INFO | plant.server | tick -> water_level=46.0 pump=True valve=False
2026-09-20 17:15:54 | INFO | plant.server | tick -> water_level=47.0 pump=True valve=False
2026-09-20 17:15:55 | INFO | plant.server | tick -> water_level=48.0 pump=True valve=False
2026-09-20 17:15:56 | INFO | plant.server | tick -> water_level=49.0 pump=True valve=False
2026-09-20 17:15:57 | INFO | plant.server | tick -> water_level=50.0 pump=True valve=False
2026-09-20 17:15:58 | INFO | plant.server | tick -> water_level=51.0 pump=True valve=False
2026-09-20 17:15:59 | INFO | plant.server | tick -> water_level=52.0 pump=True valve=False
2026-09-20 17:16:00 | INFO | plant.server | tick -> water_level=53.0 pump=True valve=False
2026-09-20 17:16:01 | INFO | plant.server | tick -> water_level=54.0 pump=True valve=False
2026-09-20 17:16:02 | INFO | plant.server | tick -> water_level=55.0 pump=True valve=False
2026-09-20 17:16:03 | INFO | plant.server | tick -> water_level=56.0 pump=True valve=False
2026-09-20 17:16:04 | INFO | plant.server | tick -> water_level=57.0 pump=True valve=False
2026-09-20 17:16:05 | INFO | plant.server | tick -> water_level=58.0 pump=True valve=False
2026-09-20 17:16:06 | INFO | plant.server | tick -> water_level=59.0 pump=True valve=False
2026-09-20 17:16:07 | INFO | plant.server | tick -> water_level=60.0 pump=True valve=False
2026-09-20 17:16:08 | INFO | plant.server | tick -> water_level=61.0 pump=True valve=False
2026-09-20 17:16:09 | INFO | plant.server | tick -> water_level=62.0 pump=True valve=False
2026-09-20 17:16:10 | INFO | plant.server | tick -> water_level=63.0 pump=True valve=False
2026-09-20 17:16:11 | INFO | plant.server | tick -> water_level=64.0 pump=True valve=False
2026-09-20 17:16:12 | INFO | plant.server | tick -> water_level=65.0 pump=True valve=False
2026-09-20 17:16:13 | INFO | plant.server | tick -> water_level=66.0 pump=True valve=False
2026-09-20 17:16:14 | INFO | plant.server | tick -> water_level=67.0 pump=True valve=False
2026-09-20 17:16:15 | INFO | plant.server | tick -> water_level=68.0 pump=True valve=False
2026-09-20 17:16:16 | INFO | plant.server | tick -> water_level=69.0 pump=True valve=False
2026-09-20 17:16:17 | INFO | plant.server | tick -> water_level=70.0 pump=True valve=False
2026-09-20 17:16:18 | INFO | plant.server | tick -> water_level=71.0 pump=True valve=False
2026-09-20 17:16:19 | INFO | plant.server | tick -> water_level=72.0 pump=True valve=False
2026-09-20 17:16:20 | INFO | plant.server | tick -> water_level=73.0 pump=True valve=False
2026-09-20 17:16:21 | INFO | plant.server | tick -> water_level=74.0 pump=True valve=False
2026-09-20 17:16:22 | INFO | plant.server | tick -> water_level=75.0 pump=True valve=False
2026-09-20 17:16:23 | INFO | plant.server | tick -> water_level=76.0 pump=True valve=False
2026-09-20 17:16:24 | INFO | plant.server | tick -> water_level=76.0 pump=False valve=False
2026-09-20 17:16:25 | INFO | plant.server | tick -> water_level=76.0 pump=False valve=False
2026-09-20 17:16:26 | INFO | plant.server | tick -> water_level=76.0 pump=False valve=False
2026-09-20 17:16:27 | INFO | plant.server | tick -> water_level=76.0 pump=False valve=False
2026-09-20 17:16:28 | INFO | plant.server | tick -> water_level=76.0 pump=False valve=False
2026-09-20 17:16:29 | INFO | plant.server | tick -> water_level=75.0 pump=False valve=True
2026-09-20 17:16:30 | INFO | plant.server | tick -> water_level=74.0 pump=False valve=True
2026-09-20 17:16:31 | INFO | plant.server | tick -> water_level=73.0 pump=False valve=True
2026-09-20 17:16:32 | INFO | plant.server | tick -> water_level=72.0 pump=False valve=True
2026-09-20 17:16:33 | INFO | plant.server | tick -> water_level=71.0 pump=False valve=True
2026-09-20 17:16:34 | INFO | plant.server | tick -> water_level=70.0 pump=False valve=True
2026-09-20 17:16:35 | INFO | plant.server | tick -> water_level=69.0 pump=False valve=True
2026-09-20 17:16:36 | INFO | plant.server | tick -> water_level=68.0 pump=False valve=True
2026-09-20 17:16:37 | INFO | plant.server | tick -> water_level=67.0 pump=False valve=True
2026-09-20 17:16:38 | INFO | plant.server | tick -> water_level=66.0 pump=False valve=True
2026-09-20 17:16:39 | INFO | plant.server | tick -> water_level=65.0 pump=False valve=True
2026-09-20 17:16:40 | INFO | plant.server | tick -> water_level=64.0 pump=False valve=True
2026-09-20 17:16:41 | INFO | plant.server | tick -> water_level=63.0 pump=False valve=True
2026-09-20 17:16:42 | INFO | plant.server | tick -> water_level=62.0 pump=False valve=True
2026-09-20 17:16:43 | INFO | plant.server | tick -> water_level=61.0 pump=False valve=True
2026-09-20 17:16:44 | INFO | plant.server | tick -> water_level=60.0 pump=False valve=True
2026-09-20 17:16:45 | INFO | plant.server | tick -> water_level=59.0 pump=False valve=True
2026-09-20 17:16:46 | INFO | plant.server | tick -> water_level=58.0 pump=False valve=True
2026-09-20 17:16:47 | INFO | plant.server | tick -> water_level=57.0 pump=False valve=True
2026-09-20 17:16:48 | INFO | plant.server | tick -> water_level=56.0 pump=False valve=True
2026-09-20 17:16:49 | INFO | plant.server | tick -> water_level=55.0 pump=False valve=True
2026-09-20 17:16:50 | INFO | plant.server | tick -> water_level=54.0 pump=False valve=True
2026-09-20 17:16:51 | INFO | plant.server | tick -> water_level=53.0 pump=False valve=True
2026-09-20 17:16:52 | INFO | plant.server | tick -> water_level=52.0 pump=False valve=True
2026-09-20 17:16:53 | INFO | plant.server | tick -> water_level=51.0 pump=False valve=True
2026-09-20 17:16:54 | INFO | plant.server | tick -> water_level=50.0 pump=False valve=True
2026-09-20 17:16:55 | INFO | plant.server | tick -> water_level=49.0 pump=False valve=True
2026-09-20 17:16:56 | INFO | plant.server | tick -> water_level=48.0 pump=False valve=True
2026-09-20 17:16:57 | INFO | plant.server | tick -> water_level=47.0 pump=False valve=True
2026-09-20 17:16:58 | INFO | plant.server | tick -> water_level=46.0 pump=False valve=True
2026-09-20 17:16:59 | INFO | plant.server | tick -> water_level=45.0 pump=False valve=True
2026-09-20 17:17:00 | INFO | plant.server | tick -> water_level=44.0 pump=False valve=True
2026-09-20 17:17:01 | INFO | plant.server | tick -> water_level=43.0 pump=False valve=True
2026-09-20 17:17:02 | INFO | plant.server | tick -> water_level=42.0 pump=False valve=True
2026-09-20 17:17:03 | INFO | plant.server | tick -> water_level=41.0 pump=False valve=True
2026-09-20 17:17:04 | INFO | plant.server | tick -> water_level=40.0 pump=False valve=True
2026-09-20 17:17:05 | INFO | plant.server | tick -> water_level=39.0 pump=False valve=True
2026-09-20 17:17:06 | INFO | plant.server | tick -> water_level=38.0 pump=False valve=True
2026-09-20 17:17:07 | INFO | plant.server | tick -> water_level=37.0 pump=False valve=True
2026-09-20 17:17:08 | INFO | plant.server | tick -> water_level=36.0 pump=False valve=True
2026-09-20 17:17:09 | INFO | plant.server | tick -> water_level=35.0 pump=False valve=True
2026-09-20 17:17:10 | INFO | plant.server | tick -> water_level=34.0 pump=False valve=True
2026-09-20 17:17:11 | INFO | plant.server | tick -> water_level=33.0 pump=False valve=True
2026-09-20 17:17:12 | INFO | plant.server | tick -> water_level=32.0 pump=False valve=True
2026-09-20 17:17:13 | INFO | plant.server | tick -> water_level=31.0 pump=False valve=True
2026-09-20 17:17:14 | INFO | plant.server | tick -> water_level=31.0 pump=False valve=False
2026-09-20 17:17:15 | INFO | plant.server | tick -> water_level=31.0 pump=False valve=False
2026-09-20 17:17:16 | INFO | plant.server | tick -> water_level=31.0 pump=False valve=False
2026-09-20 17:17:17 | INFO | plant.server | tick -> water_level=31.0 pump=False valve=False
2026-09-20 17:17:18 | INFO | plant.server | tick -> water_level=31.0 pump=False valve=False
2026-09-20 17:17:19 | INFO | plant.server | tick -> water_level=31.0 pump=False valve=False
2026-09-20 17:17:20 | INFO | plant.server | tick -> water_level=30.0 pump=False valve=True
2026-09-20 17:17:21 | INFO | plant.server | tick -> water_level=30.0 pump=False valve=False
2026-09-20 17:17:22 | INFO | plant.server | tick -> water_level=30.0 pump=False valve=False
2026-09-20 17:17:23 | INFO | plant.server | tick -> water_level=30.0 pump=False valve=False
2026-09-20 17:17:24 | INFO | plant.server | tick -> water_level=30.0 pump=False valve=False
2026-09-20 17:17:25 | INFO | plant.server | tick -> water_level=30.0 pump=False valve=False
2026-09-20 17:17:26 | INFO | plant.server | tick -> water_level=31.0 pump=True valve=False
2026-09-20 17:17:27 | INFO | plant.server | tick -> water_level=32.0 pump=True valve=False
2026-09-20 17:17:28 | INFO | plant.server | tick -> water_level=33.0 pump=True valve=False
2026-09-20 17:17:29 | INFO | plant.server | tick -> water_level=34.0 pump=True valve=False
2026-09-20 17:17:30 | INFO | plant.server | tick -> water_level=35.0 pump=True valve=False
2026-09-20 17:17:31 | INFO | plant.server | tick -> water_level=36.0 pump=True valve=False
2026-09-20 17:17:32 | INFO | plant.server | tick -> water_level=37.0 pump=True valve=False
2026-09-20 17:17:33 | INFO | plant.server | tick -> water_level=38.0 pump=True valve=False
2026-09-20 17:17:34 | INFO | plant.server | tick -> water_level=39.0 pump=True valve=False
2026-09-20 17:17:35 | INFO | plant.server | tick -> water_level=40.0 pump=True valve=False
2026-09-20 17:17:36 | INFO | plant.server | tick -> water_level=41.0 pump=True valve=False
2026-09-20 17:17:37 | INFO | plant.server | tick -> water_level=42.0 pump=True valve=False
2026-09-20 17:17:38 | INFO | plant.server | tick -> water_level=43.0 pump=True valve=False
2026-09-20 17:17:39 | INFO | plant.server | tick -> water_level=44.0 pump=True valve=False
2026-09-20 17:17:40 | INFO | plant.server | tick -> water_level=45.0 pump=True valve=False
2026-09-20 17:17:41 | INFO | plant.server | tick -> water_level=46.0 pump=True valve=False
2026-09-20 17:17:42 | INFO | plant.server | tick -> water_level=47.0 pump=True valve=False
2026-09-20 17:17:43 | INFO | plant.server | tick -> water_level=48.0 pump=True valve=False
2026-09-20 17:17:44 | INFO | plant.server | tick -> water_level=49.0 pump=True valve=False
2026-09-20 17:17:45 | INFO | plant.server | tick -> water_level=50.0 pump=True valve=False
2026-09-20 17:17:46 | INFO | plant.server | tick -> water_level=51.0 pump=True valve=False
2026-09-20 17:17:47 | INFO | plant.server | tick -> water_level=52.0 pump=True valve=False
2026-09-20 17:17:48 | INFO | plant.server | tick -> water_level=53.0 pump=True valve=False
2026-09-20 17:17:49 | INFO | plant.server | tick -> water_level=54.0 pump=True valve=False
2026-09-20 17:17:50 | INFO | plant.server | tick -> water_level=55.0 pump=True valve=False
2026-09-20 17:17:51 | INFO | plant.server | tick -> water_level=56.0 pump=True valve=False
2026-09-20 17:17:52 | INFO | plant.server | tick -> water_level=57.0 pump=True valve=False
2026-09-20 17:17:53 | INFO | plant.server | tick -> water_level=58.0 pump=True valve=False
2026-09-20 17:17:54 | INFO | plant.server | tick -> water_level=59.0 pump=True valve=False
2026-09-20 17:17:55 | INFO | plant.server | tick -> water_level=60.0 pump=True valve=False
2026-09-20 17:17:56 | INFO | plant.server | tick -> water_level=61.0 pump=True valve=False
2026-09-20 17:17:57 | INFO | plant.server | tick -> water_level=62.0 pump=True valve=False
2026-09-20 17:17:58 | INFO | plant.server | tick -> water_level=63.0 pump=True valve=False
2026-09-20 17:17:59 | INFO | plant.server | tick -> water_level=64.0 pump=True valve=False
2026-09-20 17:18:00 | INFO | plant.server | tick -> water_level=65.0 pump=True valve=False
2026-09-20 17:18:01 | INFO | plant.server | tick -> water_level=66.0 pump=True valve=False
2026-09-20 17:18:02 | INFO | plant.server | tick -> water_level=67.0 pump=True valve=False
2026-09-20 17:18:03 | INFO | plant.server | tick -> water_level=68.0 pump=True valve=False
2026-09-20 17:18:04 | INFO | plant.server | tick -> water_level=69.0 pump=True valve=False
2026-09-20 17:18:05 | INFO | plant.server | tick -> water_level=70.0 pump=True valve=False
2026-09-20 17:18:06 | INFO | plant.server | tick -> water_level=71.0 pump=True valve=False
2026-09-20 17:18:07 | INFO | plant.server | tick -> water_level=72.0 pump=True valve=False
2026-09-20 17:18:08 | INFO | plant.server | tick -> water_level=73.0 pump=True valve=False
2026-09-20 17:18:09 | INFO | plant.server | tick -> water_level=74.0 pump=True valve=False
2026-09-20 17:18:10 | INFO | plant.server | tick -> water_level=75.0 pump=True valve=False
2026-09-20 17:18:11 | INFO | plant.server | tick -> water_level=75.0 pump=False valve=False
2026-09-20 17:18:12 | INFO | plant.server | tick -> water_level=75.0 pump=False valve=False
2026-09-20 17:18:13 | INFO | plant.server | tick -> water_level=75.0 pump=False valve=False
2026-09-20 17:18:14 | INFO | plant.server | tick -> water_level=75.0 pump=False valve=False
2026-09-20 17:18:15 | INFO | plant.server | tick -> water_level=75.0 pump=False valve=False
2026-09-20 17:18:16 | INFO | plant.server | tick -> water_level=75.0 pump=False valve=False
2026-09-20 17:18:17 | INFO | plant.server | tick -> water_level=75.0 pump=False valve=False
2026-09-20 17:18:18 | INFO | plant.server | tick -> water_level=74.0 pump=False valve=True
2026-09-20 17:18:19 | INFO | plant.server | tick -> water_level=73.0 pump=False valve=True
2026-09-20 17:18:20 | INFO | plant.server | tick -> water_level=72.0 pump=False valve=True
2026-09-20 17:18:21 | INFO | plant.server | tick -> water_level=71.0 pump=False valve=True
2026-09-20 17:18:22 | INFO | plant.server | tick -> water_level=70.0 pump=False valve=True
2026-09-20 17:18:23 | INFO | plant.server | tick -> water_level=69.0 pump=False valve=True
2026-09-20 17:18:24 | INFO | plant.server | tick -> water_level=68.0 pump=False valve=True
2026-09-20 17:18:25 | INFO | plant.server | tick -> water_level=67.0 pump=False valve=True
2026-09-20 17:18:26 | INFO | plant.server | tick -> water_level=66.0 pump=False valve=True
2026-09-20 17:18:27 | INFO | plant.server | tick -> water_level=65.0 pump=False valve=True
2026-09-20 17:18:28 | INFO | plant.server | tick -> water_level=64.0 pump=False valve=True
2026-09-20 17:18:29 | INFO | plant.server | tick -> water_level=63.0 pump=False valve=True
2026-09-20 17:18:30 | INFO | plant.server | tick -> water_level=62.0 pump=False valve=True
2026-09-20 17:18:31 | INFO | plant.server | tick -> water_level=61.0 pump=False valve=True
2026-09-20 17:18:32 | INFO | plant.server | tick -> water_level=60.0 pump=False valve=True
2026-09-20 17:18:33 | INFO | plant.server | tick -> water_level=59.0 pump=False valve=True
2026-09-20 17:18:34 | INFO | plant.server | tick -> water_level=58.0 pump=False valve=True
2026-09-20 17:18:35 | INFO | plant.server | tick -> water_level=57.0 pump=False valve=True
2026-09-20 17:18:36 | INFO | plant.server | tick -> water_level=56.0 pump=False valve=True
2026-09-20 17:18:37 | INFO | plant.server | tick -> water_level=55.0 pump=False valve=True
2026-09-20 17:18:38 | INFO | plant.server | tick -> water_level=54.0 pump=False valve=True
2026-09-20 17:18:39 | INFO | plant.server | tick -> water_level=53.0 pump=False valve=True
2026-09-20 17:18:40 | INFO | plant.server | tick -> water_level=52.0 pump=False valve=True
2026-09-20 17:18:41 | INFO | plant.server | tick -> water_level=51.0 pump=False valve=True
2026-09-20 17:18:42 | INFO | plant.server | tick -> water_level=50.0 pump=False valve=True
2026-09-20 17:18:43 | INFO | plant.server | tick -> water_level=49.0 pump=False valve=True
2026-09-20 17:18:44 | INFO | plant.server | tick -> water_level=48.0 pump=False valve=True
2026-09-20 17:18:45 | INFO | plant.server | tick -> water_level=47.0 pump=False valve=True
2026-09-20 17:18:46 | INFO | plant.server | tick -> water_level=46.0 pump=False valve=True
2026-09-20 17:18:47 | INFO | plant.server | tick -> water_level=45.0 pump=False valve=True
2026-09-20 17:18:48 | INFO | plant.server | tick -> water_level=44.0 pump=False valve=True
2026-09-20 17:18:49 | INFO | plant.server | tick -> water_level=43.0 pump=False valve=True
2026-09-20 17:18:50 | INFO | plant.server | tick -> water_level=42.0 pump=False valve=True
2026-09-20 17:18:51 | INFO | plant.server | tick -> water_level=41.0 pump=False valve=True
2026-09-20 17:18:52 | INFO | plant.server | tick -> water_level=40.0 pump=False valve=True
2026-09-20 17:18:53 | INFO | plant.server | tick -> water_level=39.0 pump=False valve=True
2026-09-20 17:18:54 | INFO | plant.server | tick -> water_level=38.0 pump=False valve=True
2026-09-20 17:18:55 | INFO | plant.server | tick -> water_level=37.0 pump=False valve=True
2026-09-20 17:18:56 | INFO | plant.server | tick -> water_level=36.0 pump=False valve=True
2026-09-20 17:18:57 | INFO | plant.server | tick -> water_level=35.0 pump=False valve=True
2026-09-20 17:18:58 | INFO | plant.server | tick -> water_level=34.0 pump=False valve=True
2026-09-20 17:18:59 | INFO | plant.server | tick -> water_level=33.0 pump=False valve=True
2026-09-20 17:19:00 | INFO | plant.server | tick -> water_level=32.0 pump=False valve=True
2026-09-20 17:19:01 | INFO | plant.server | tick -> water_level=31.0 pump=False valve=True
2026-09-20 17:19:02 | INFO | plant.server | tick -> water_level=30.0 pump=False valve=True
2026-09-20 17:19:03 | INFO | plant.server | tick -> water_level=30.0 pump=False valve=False
2026-09-20 17:19:04 | INFO | plant.server | tick -> water_level=30.0 pump=False valve=False
2026-09-20 17:19:05 | INFO | plant.server | tick -> water_level=30.0 pump=False valve=False
2026-09-20 17:19:06 | INFO | plant.server | tick -> water_level=30.0 pump=False valve=False
2026-09-20 17:19:07 | INFO | plant.server | tick -> water_level=30.0 pump=False valve=False
2026-09-20 17:19:08 | INFO | plant.server | tick -> water_level=30.0 pump=False valve=False
2026-09-20 17:19:09 | INFO | plant.server | tick -> water_level=30.0 pump=False valve=False
2026-09-20 17:19:10 | INFO | plant.server | tick -> water_level=30.0 pump=False valve=False
2026-09-20 17:19:11 | INFO | plant.server | tick -> water_level=30.0 pump=False valve=False
2026-09-20 17:19:12 | INFO | plant.server | tick -> water_level=30.0 pump=False valve=False
2026-09-20 17:19:13 | INFO | plant.server | tick -> water_level=30.0 pump=False valve=False
2026-09-20 17:19:14 | INFO | plant.server | tick -> water_level=30.0 pump=False valve=False
2026-09-20 17:19:15 | INFO | plant.server | tick -> water_level=31.0 pump=True valve=False
2026-09-20 17:19:16 | INFO | plant.server | tick -> water_level=32.0 pump=True valve=False
2026-09-20 17:19:17 | INFO | plant.server | tick -> water_level=33.0 pump=True valve=False
2026-09-20 17:19:18 | INFO | plant.server | tick -> water_level=34.0 pump=True valve=False
2026-09-20 17:19:19 | INFO | plant.server | tick -> water_level=35.0 pump=True valve=False
2026-09-20 17:19:20 | INFO | plant.server | tick -> water_level=36.0 pump=True valve=False
2026-09-20 17:19:21 | INFO | plant.server | tick -> water_level=37.0 pump=True valve=False
2026-09-20 17:19:22 | INFO | plant.server | tick -> water_level=38.0 pump=True valve=False
2026-09-20 17:19:23 | INFO | plant.server | tick -> water_level=39.0 pump=True valve=False
2026-09-20 17:19:24 | INFO | plant.server | tick -> water_level=40.0 pump=True valve=False
2026-09-20 17:19:25 | INFO | plant.server | tick -> water_level=41.0 pump=True valve=False
2026-09-20 17:19:26 | INFO | plant.server | tick -> water_level=42.0 pump=True valve=False
2026-09-20 17:19:27 | INFO | plant.server | tick -> water_level=43.0 pump=True valve=False
2026-09-20 17:19:28 | INFO | plant.server | tick -> water_level=44.0 pump=True valve=False
2026-09-20 17:19:29 | INFO | plant.server | tick -> water_level=45.0 pump=True valve=False
2026-09-20 17:19:30 | INFO | plant.server | tick -> water_level=46.0 pump=True valve=False
2026-09-20 17:19:31 | INFO | plant.server | tick -> water_level=47.0 pump=True valve=False
2026-09-20 17:19:32 | INFO | plant.server | tick -> water_level=48.0 pump=True valve=False
2026-09-20 17:19:33 | INFO | plant.server | tick -> water_level=49.0 pump=True valve=False
2026-09-20 17:19:34 | INFO | plant.server | tick -> water_level=50.0 pump=True valve=False
2026-09-20 17:19:35 | INFO | plant.server | tick -> water_level=51.0 pump=True valve=False
2026-09-20 17:19:36 | INFO | plant.server | tick -> water_level=52.0 pump=True valve=False
2026-09-20 17:19:37 | INFO | plant.server | tick -> water_level=53.0 pump=True valve=False
2026-09-20 17:19:38 | INFO | plant.server | tick -> water_level=54.0 pump=True valve=False
2026-09-20 17:19:39 | INFO | plant.server | tick -> water_level=55.0 pump=True valve=False
2026-09-20 17:19:40 | INFO | plant.server | tick -> water_level=56.0 pump=True valve=False
2026-09-20 17:19:41 | INFO | plant.server | tick -> water_level=57.0 pump=True valve=False
2026-09-20 17:19:42 | INFO | plant.server | tick -> water_level=58.0 pump=True valve=False
2026-09-20 17:19:43 | INFO | plant.server | tick -> water_level=59.0 pump=True valve=False
2026-09-20 17:19:44 | INFO | plant.server | tick -> water_level=60.0 pump=True valve=False
2026-09-20 17:19:45 | INFO | plant.server | tick -> water_level=61.0 pump=True valve=False
2026-09-20 17:19:46 | INFO | plant.server | tick -> water_level=62.0 pump=True valve=False
2026-09-20 17:19:47 | INFO | plant.server | tick -> water_level=63.0 pump=True valve=False
2026-09-20 17:19:48 | INFO | plant.server | tick -> water_level=64.0 pump=True valve=False
2026-09-20 17:19:49 | INFO | plant.server | tick -> water_level=65.0 pump=True valve=False
2026-09-20 17:19:50 | INFO | plant.server | tick -> water_level=66.0 pump=True valve=False
2026-09-20 17:19:51 | INFO | plant.server | tick -> water_level=67.0 pump=True valve=False
2026-09-20 17:19:52 | INFO | plant.server | tick -> water_level=68.0 pump=True valve=False
2026-09-20 17:19:53 | INFO | plant.server | tick -> water_level=69.0 pump=True valve=False
2026-09-20 17:19:54 | INFO | plant.server | tick -> water_level=70.0 pump=True valve=False
2026-09-20 17:19:55 | INFO | plant.server | tick -> water_level=71.0 pump=True valve=False
2026-09-20 17:19:56 | INFO | plant.server | tick -> water_level=72.0 pump=True valve=False
2026-09-20 17:19:57 | INFO | plant.server | tick -> water_level=73.0 pump=True valve=False
2026-09-20 17:19:58 | INFO | plant.server | tick -> water_level=74.0 pump=True valve=False
2026-09-20 17:19:59 | INFO | plant.server | tick -> water_level=75.0 pump=True valve=False
2026-09-20 17:20:00 | INFO | plant.server | tick -> water_level=76.0 pump=True valve=False
2026-09-20 17:20:01 | INFO | plant.server | tick -> water_level=77.0 pump=True valve=False
2026-09-20 17:20:02 | INFO | plant.server | tick -> water_level=78.0 pump=True valve=False
2026-09-20 17:20:03 | INFO | plant.server | tick -> water_level=78.0 pump=False valve=False
2026-09-20 17:20:04 | INFO | plant.server | tick -> water_level=78.0 pump=False valve=False
2026-09-20 17:20:05 | INFO | plant.server | tick -> water_level=78.0 pump=False valve=False
2026-09-20 17:20:06 | INFO | plant.server | tick -> water_level=78.0 pump=False valve=False
2026-09-20 17:20:07 | INFO | plant.server | tick -> water_level=78.0 pump=False valve=False
2026-09-20 17:20:08 | INFO | plant.server | tick -> water_level=77.0 pump=False valve=True
2026-09-20 17:20:09 | INFO | plant.server | tick -> water_level=76.0 pump=False valve=True
2026-09-20 17:20:10 | INFO | plant.server | tick -> water_level=75.0 pump=False valve=True
2026-09-20 17:20:11 | INFO | plant.server | tick -> water_level=74.0 pump=False valve=True
2026-09-20 17:20:12 | INFO | plant.server | tick -> water_level=73.0 pump=False valve=True
2026-09-20 17:20:13 | INFO | plant.server | tick -> water_level=72.0 pump=False valve=True
2026-09-20 17:20:14 | INFO | plant.server | tick -> water_level=71.0 pump=False valve=True
2026-09-20 17:20:15 | INFO | plant.server | tick -> water_level=70.0 pump=False valve=True
2026-09-20 17:20:16 | INFO | plant.server | tick -> water_level=69.0 pump=False valve=True
2026-09-20 17:20:17 | INFO | plant.server | tick -> water_level=68.0 pump=False valve=True
2026-09-20 17:20:18 | INFO | plant.server | tick -> water_level=67.0 pump=False valve=True
2026-09-20 17:20:19 | INFO | plant.server | tick -> water_level=66.0 pump=False valve=True
2026-09-20 17:20:20 | INFO | plant.server | tick -> water_level=65.0 pump=False valve=True
2026-09-20 17:20:21 | INFO | plant.server | tick -> water_level=64.0 pump=False valve=True
2026-09-20 17:20:22 | INFO | plant.server | tick -> water_level=63.0 pump=False valve=True
2026-09-20 17:20:23 | INFO | plant.server | tick -> water_level=62.0 pump=False valve=True
2026-09-20 17:20:24 | INFO | plant.server | tick -> water_level=61.0 pump=False valve=True
2026-09-20 17:20:25 | INFO | plant.server | tick -> water_level=60.0 pump=False valve=True
2026-09-20 17:20:26 | INFO | plant.server | tick -> water_level=59.0 pump=False valve=True
2026-09-20 17:20:27 | INFO | plant.server | tick -> water_level=58.0 pump=False valve=True
2026-09-20 17:20:28 | INFO | plant.server | tick -> water_level=57.0 pump=False valve=True
2026-09-20 17:20:29 | INFO | plant.server | tick -> water_level=56.0 pump=False valve=True
2026-09-20 17:20:30 | INFO | plant.server | tick -> water_level=55.0 pump=False valve=True
2026-09-20 17:20:31 | INFO | plant.server | tick -> water_level=54.0 pump=False valve=True
2026-09-20 17:20:32 | INFO | plant.server | tick -> water_level=53.0 pump=False valve=True
2026-09-20 17:20:33 | INFO | plant.server | tick -> water_level=52.0 pump=False valve=True
2026-09-20 17:20:34 | INFO | plant.server | tick -> water_level=51.0 pump=False valve=True
2026-09-20 17:20:35 | INFO | plant.server | tick -> water_level=50.0 pump=False valve=True
2026-09-20 17:20:36 | INFO | plant.server | tick -> water_level=49.0 pump=False valve=True
2026-09-20 17:20:37 | INFO | plant.server | tick -> water_level=48.0 pump=False valve=True
2026-09-20 17:20:38 | INFO | plant.server | tick -> water_level=47.0 pump=False valve=True
2026-09-20 17:20:39 | INFO | plant.server | tick -> water_level=46.0 pump=False valve=True
2026-09-20 17:20:40 | INFO | plant.server | tick -> water_level=45.0 pump=False valve=True
2026-09-20 17:20:41 | INFO | plant.server | tick -> water_level=44.0 pump=False valve=True
2026-09-20 17:20:42 | INFO | plant.server | tick -> water_level=43.0 pump=False valve=True
2026-09-20 17:20:43 | INFO | plant.server | tick -> water_level=42.0 pump=False valve=True
2026-09-20 17:20:44 | INFO | plant.server | tick -> water_level=41.0 pump=False valve=True
2026-09-20 17:20:45 | INFO | plant.server | tick -> water_level=40.0 pump=False valve=True
2026-09-20 17:20:46 | INFO | plant.server | tick -> water_level=39.0 pump=False valve=True
2026-09-20 17:20:47 | INFO | plant.server | tick -> water_level=38.0 pump=False valve=True
2026-09-20 17:20:48 | INFO | plant.server | tick -> water_level=37.0 pump=False valve=True
2026-09-20 17:20:49 | INFO | plant.server | tick -> water_level=36.0 pump=False valve=True
2026-09-20 17:20:50 | INFO | plant.server | tick -> water_level=35.0 pump=False valve=True
2026-09-20 17:20:51 | INFO | plant.server | tick -> water_level=34.0 pump=False valve=True
2026-09-20 17:20:52 | INFO | plant.server | tick -> water_level=33.0 pump=False valve=True
2026-09-20 17:20:53 | INFO | plant.server | tick -> water_level=32.0 pump=False valve=True
2026-09-20 17:20:54 | INFO | plant.server | tick -> water_level=31.0 pump=False valve=True
2026-09-20 17:20:55 | INFO | plant.server | tick -> water_level=30.0 pump=False valve=True
2026-09-20 17:20:56 | INFO | plant.server | tick -> water_level=30.0 pump=False valve=False
2026-09-20 17:20:57 | INFO | plant.server | tick -> water_level=30.0 pump=False valve=False
2026-09-20 17:20:58 | INFO | plant.server | tick -> water_level=30.0 pump=False valve=False
2026-09-20 17:20:59 | INFO | plant.server | tick -> water_level=30.0 pump=False valve=False
2026-09-20 17:21:00 | INFO | plant.server | tick -> water_level=30.0 pump=False valve=False
2026-09-20 17:21:01 | INFO | plant.server | tick -> water_level=30.0 pump=False valve=False
2026-09-20 17:21:02 | INFO | plant.server | tick -> water_level=30.0 pump=False valve=False
2026-09-20 17:21:03 | INFO | plant.server | tick -> water_level=30.0 pump=False valve=False
2026-09-20 17:21:04 | INFO | plant.server | tick -> water_level=30.0 pump=False valve=False
2026-09-20 17:21:05 | INFO | plant.server | tick -> water_level=30.0 pump=False valve=False
2026-09-20 17:21:06 | INFO | plant.server | tick -> water_level=30.0 pump=False valve=False
2026-09-20 17:21:07 | INFO | plant.server | tick -> water_level=30.0 pump=False valve=False
2026-09-20 17:21:08 | INFO | plant.server | tick -> water_level=30.0 pump=False valve=False
2026-09-20 17:21:09 | INFO | plant.server | tick -> water_level=30.0 pump=False valve=False
2026-09-20 17:21:10 | INFO | plant.server | tick -> water_level=31.0 pump=True valve=False
2026-09-20 17:21:11 | INFO | plant.server | tick -> water_level=32.0 pump=True valve=False
2026-09-20 17:21:12 | INFO | plant.server | tick -> water_level=33.0 pump=True valve=False
2026-09-20 17:21:13 | INFO | plant.server | tick -> water_level=34.0 pump=True valve=False
2026-09-20 17:21:14 | INFO | plant.server | tick -> water_level=35.0 pump=True valve=False
2026-09-20 17:21:15 | INFO | plant.server | tick -> water_level=36.0 pump=True valve=False
2026-09-20 17:21:16 | INFO | plant.server | tick -> water_level=37.0 pump=True valve=False
2026-09-20 17:21:17 | INFO | plant.server | tick -> water_level=38.0 pump=True valve=False
2026-09-20 17:21:18 | INFO | plant.server | tick -> water_level=39.0 pump=True valve=False
2026-09-20 17:21:19 | INFO | plant.server | tick -> water_level=40.0 pump=True valve=False
2026-09-20 17:21:20 | INFO | plant.server | tick -> water_level=41.0 pump=True valve=False
2026-09-20 17:21:21 | INFO | plant.server | tick -> water_level=42.0 pump=True valve=False
2026-09-20 17:21:22 | INFO | plant.server | tick -> water_level=43.0 pump=True valve=False
2026-09-20 17:21:23 | INFO | plant.server | tick -> water_level=44.0 pump=True valve=False
2026-09-20 17:21:24 | INFO | plant.server | tick -> water_level=45.0 pump=True valve=False
2026-09-20 17:21:25 | INFO | plant.server | tick -> water_level=46.0 pump=True valve=False
2026-09-20 17:21:26 | INFO | plant.server | tick -> water_level=47.0 pump=True valve=False
2026-09-20 17:21:27 | INFO | plant.server | tick -> water_level=48.0 pump=True valve=False
2026-09-20 17:21:28 | INFO | plant.server | tick -> water_level=49.0 pump=True valve=False
2026-09-20 17:21:29 | INFO | plant.server | tick -> water_level=50.0 pump=True valve=False
2026-09-20 17:21:30 | INFO | plant.server | tick -> water_level=51.0 pump=True valve=False
2026-09-20 17:21:31 | INFO | plant.server | tick -> water_level=52.0 pump=True valve=False
2026-09-20 17:21:32 | INFO | plant.server | tick -> water_level=53.0 pump=True valve=False
2026-09-20 17:21:33 | INFO | plant.server | tick -> water_level=54.0 pump=True valve=False
2026-09-20 17:21:34 | INFO | plant.server | tick -> water_level=55.0 pump=True valve=False
2026-09-20 17:21:35 | INFO | plant.server | tick -> water_level=56.0 pump=True valve=False
2026-09-20 17:21:36 | INFO | plant.server | tick -> water_level=57.0 pump=True valve=False
2026-09-20 17:21:37 | INFO | plant.server | tick -> water_level=58.0 pump=True valve=False
2026-09-20 17:21:38 | INFO | plant.server | tick -> water_level=59.0 pump=True valve=False
2026-09-20 17:21:39 | INFO | plant.server | tick -> water_level=60.0 pump=True valve=False
2026-09-20 17:21:40 | INFO | plant.server | tick -> water_level=61.0 pump=True valve=False
2026-09-20 17:21:41 | INFO | plant.server | tick -> water_level=62.0 pump=True valve=False
2026-09-20 17:21:42 | INFO | plant.server | tick -> water_level=63.0 pump=True valve=False
2026-09-20 17:21:43 | INFO | plant.server | tick -> water_level=64.0 pump=True valve=False
2026-09-20 17:21:44 | INFO | plant.server | tick -> water_level=65.0 pump=True valve=False
2026-09-20 17:21:45 | INFO | plant.server | tick -> water_level=66.0 pump=True valve=False
2026-09-20 17:21:46 | INFO | plant.server | tick -> water_level=67.0 pump=True valve=False
2026-09-20 17:21:47 | INFO | plant.server | tick -> water_level=68.0 pump=True valve=False
2026-09-20 17:21:48 | INFO | plant.server | tick -> water_level=69.0 pump=True valve=False
2026-09-20 17:21:49 | INFO | plant.server | tick -> water_level=70.0 pump=True valve=False
2026-09-20 17:21:50 | INFO | plant.server | tick -> water_level=71.0 pump=True valve=False
2026-09-20 17:21:51 | INFO | plant.server | tick -> water_level=72.0 pump=True valve=False
2026-09-20 17:21:52 | INFO | plant.server | tick -> water_level=73.0 pump=True valve=False
2026-09-20 17:21:53 | INFO | plant.server | tick -> water_level=74.0 pump=True valve=False
2026-09-20 17:21:54 | INFO | plant.server | tick -> water_level=75.0 pump=True valve=False
2026-09-20 17:21:55 | INFO | plant.server | tick -> water_level=76.0 pump=True valve=False
2026-09-20 17:21:56 | INFO | plant.server | tick -> water_level=77.0 pump=True valve=False
2026-09-20 17:21:57 | INFO | plant.server | tick -> water_level=78.0 pump=True valve=False
2026-09-20 17:21:58 | INFO | plant.server | tick -> water_level=78.0 pump=False valve=False
2026-09-20 17:21:59 | INFO | plant.server | tick -> water_level=78.0 pump=False valve=False
2026-09-20 17:22:00 | INFO | plant.server | tick -> water_level=78.0 pump=False valve=False
2026-09-20 17:22:01 | INFO | plant.server | tick -> water_level=78.0 pump=False valve=False
2026-09-20 17:22:02 | INFO | plant.server | tick -> water_level=78.0 pump=False valve=False
2026-09-20 17:22:03 | INFO | plant.server | tick -> water_level=78.0 pump=False valve=False
2026-09-20 17:22:04 | INFO | plant.server | tick -> water_level=77.0 pump=False valve=True
2026-09-20 17:22:05 | INFO | plant.server | tick -> water_level=76.0 pump=False valve=True
2026-09-20 17:22:06 | INFO | plant.server | tick -> water_level=75.0 pump=False valve=True
2026-09-20 17:22:07 | INFO | plant.server | tick -> water_level=74.0 pump=False valve=True
2026-09-20 17:22:08 | INFO | plant.server | tick -> water_level=73.0 pump=False valve=True
2026-09-20 17:22:09 | INFO | plant.server | tick -> water_level=72.0 pump=False valve=True
2026-09-20 17:22:10 | INFO | plant.server | tick -> water_level=71.0 pump=False valve=True
2026-09-20 17:22:11 | INFO | plant.server | tick -> water_level=70.0 pump=False valve=True
2026-09-20 17:22:12 | INFO | plant.server | tick -> water_level=69.0 pump=False valve=True
2026-09-20 17:22:13 | INFO | plant.server | tick -> water_level=68.0 pump=False valve=True
2026-09-20 17:22:14 | INFO | plant.server | tick -> water_level=67.0 pump=False valve=True
2026-09-20 17:22:15 | INFO | plant.server | tick -> water_level=66.0 pump=False valve=True
2026-09-20 17:22:16 | INFO | plant.server | tick -> water_level=65.0 pump=False valve=True
2026-09-20 17:22:17 | INFO | plant.server | tick -> water_level=64.0 pump=False valve=True
2026-09-20 17:22:18 | INFO | plant.server | tick -> water_level=63.0 pump=False valve=True
2026-09-20 17:22:19 | INFO | plant.server | tick -> water_level=62.0 pump=False valve=True
2026-09-20 17:22:20 | INFO | plant.server | tick -> water_level=61.0 pump=False valve=True
2026-09-20 17:22:21 | INFO | plant.server | tick -> water_level=60.0 pump=False valve=True
2026-09-20 17:22:22 | INFO | plant.server | tick -> water_level=59.0 pump=False valve=True
2026-09-20 17:22:23 | INFO | plant.server | tick -> water_level=58.0 pump=False valve=True
2026-09-20 17:22:24 | INFO | plant.server | tick -> water_level=57.0 pump=False valve=True
2026-09-20 17:22:25 | INFO | plant.server | tick -> water_level=56.0 pump=False valve=True
2026-09-20 17:22:26 | INFO | plant.server | tick -> water_level=55.0 pump=False valve=True
2026-09-20 17:22:27 | INFO | plant.server | tick -> water_level=54.0 pump=False valve=True
2026-09-20 17:22:28 | INFO | plant.server | tick -> water_level=53.0 pump=False valve=True
2026-09-20 17:22:29 | INFO | plant.server | tick -> water_level=52.0 pump=False valve=True
2026-09-20 17:22:30 | INFO | plant.server | tick -> water_level=51.0 pump=False valve=True
2026-09-20 17:22:31 | INFO | plant.server | tick -> water_level=50.0 pump=False valve=True
2026-09-20 17:22:32 | INFO | plant.server | tick -> water_level=49.0 pump=False valve=True
2026-09-20 17:22:33 | INFO | plant.server | tick -> water_level=48.0 pump=False valve=True
2026-09-20 17:22:34 | INFO | plant.server | tick -> water_level=47.0 pump=False valve=True
2026-09-20 17:22:35 | INFO | plant.server | tick -> water_level=46.0 pump=False valve=True
2026-09-20 17:22:36 | INFO | plant.server | tick -> water_level=45.0 pump=False valve=True
2026-09-20 17:22:37 | INFO | plant.server | tick -> water_level=44.0 pump=False valve=True
2026-09-20 17:22:38 | INFO | plant.server | tick -> water_level=43.0 pump=False valve=True
2026-09-20 17:22:39 | INFO | plant.server | tick -> water_level=42.0 pump=False valve=True
2026-09-20 17:22:40 | INFO | plant.server | tick -> water_level=41.0 pump=False valve=True
2026-09-20 17:22:41 | INFO | plant.server | tick -> water_level=40.0 pump=False valve=True
2026-09-20 17:22:42 | INFO | plant.server | tick -> water_level=39.0 pump=False valve=True
2026-09-20 17:22:43 | INFO | plant.server | tick -> water_level=38.0 pump=False valve=True
2026-09-20 17:22:44 | INFO | plant.server | tick -> water_level=37.0 pump=False valve=True
2026-09-20 17:22:45 | INFO | plant.server | tick -> water_level=36.0 pump=False valve=True
2026-09-20 17:22:46 | INFO | plant.server | tick -> water_level=35.0 pump=False valve=True
2026-09-20 17:22:47 | INFO | plant.server | tick -> water_level=34.0 pump=False valve=True
2026-09-20 17:22:48 | INFO | plant.server | tick -> water_level=33.0 pump=False valve=True
2026-09-20 17:22:49 | INFO | plant.server | tick -> water_level=33.0 pump=False valve=False
2026-09-20 17:22:50 | INFO | plant.server | tick -> water_level=33.0 pump=False valve=False
2026-09-20 17:22:51 | INFO | plant.server | tick -> water_level=33.0 pump=False valve=False
2026-09-20 17:22:52 | INFO | plant.server | tick -> water_level=33.0 pump=False valve=False
2026-09-20 17:22:53 | INFO | plant.server | tick -> water_level=32.0 pump=False valve=True
2026-09-20 17:22:54 | INFO | plant.server | tick -> water_level=31.0 pump=False valve=True
2026-09-20 17:22:55 | INFO | plant.server | tick -> water_level=30.0 pump=False valve=True
2026-09-20 17:22:56 | INFO | plant.server | tick -> water_level=30.0 pump=False valve=False
2026-09-20 17:22:57 | INFO | plant.server | tick -> water_level=30.0 pump=False valve=False
2026-09-20 17:22:58 | INFO | plant.server | tick -> water_level=30.0 pump=False valve=False
2026-09-20 17:22:59 | INFO | plant.server | tick -> water_level=30.0 pump=False valve=False
2026-09-20 17:23:00 | INFO | plant.server | tick -> water_level=30.0 pump=False valve=False
2026-09-20 17:23:01 | INFO | plant.server | tick -> water_level=30.0 pump=False valve=False
2026-09-20 17:23:02 | INFO | plant.server | tick -> water_level=30.0 pump=False valve=False
2026-09-20 17:23:03 | INFO | plant.server | tick -> water_level=31.0 pump=True valve=False
2026-09-20 17:23:04 | INFO | plant.server | tick -> water_level=32.0 pump=True valve=False
2026-09-20 17:23:05 | INFO | plant.server | tick -> water_level=33.0 pump=True valve=False
2026-09-20 17:23:06 | INFO | plant.server | tick -> water_level=34.0 pump=True valve=False
2026-09-20 17:23:07 | INFO | plant.server | tick -> water_level=35.0 pump=True valve=False
2026-09-20 17:23:08 | INFO | plant.server | tick -> water_level=36.0 pump=True valve=False
2026-09-20 17:23:09 | INFO | plant.server | tick -> water_level=37.0 pump=True valve=False
2026-09-20 17:23:10 | INFO | plant.server | tick -> water_level=38.0 pump=True valve=False
2026-09-20 17:23:11 | INFO | plant.server | tick -> water_level=39.0 pump=True valve=False
2026-09-20 17:23:12 | INFO | plant.server | tick -> water_level=40.0 pump=True valve=False
2026-09-20 17:23:13 | INFO | plant.server | tick -> water_level=41.0 pump=True valve=False
2026-09-20 17:23:14 | INFO | plant.server | tick -> water_level=42.0 pump=True valve=False
2026-09-20 17:23:15 | INFO | plant.server | tick -> water_level=43.0 pump=True valve=False
2026-09-20 17:23:16 | INFO | plant.server | tick -> water_level=44.0 pump=True valve=False
2026-09-20 17:23:17 | INFO | plant.server | tick -> water_level=45.0 pump=True valve=False
2026-09-20 17:23:18 | INFO | plant.server | tick -> water_level=46.0 pump=True valve=False
2026-09-20 17:23:19 | INFO | plant.server | tick -> water_level=47.0 pump=True valve=False
2026-09-20 17:23:20 | INFO | plant.server | tick -> water_level=48.0 pump=True valve=False
2026-09-20 17:23:21 | INFO | plant.server | tick -> water_level=49.0 pump=True valve=False
2026-09-20 17:23:22 | INFO | plant.server | tick -> water_level=50.0 pump=True valve=False
2026-09-20 17:23:23 | INFO | plant.server | tick -> water_level=51.0 pump=True valve=False
2026-09-20 17:23:24 | INFO | plant.server | tick -> water_level=52.0 pump=True valve=False
2026-09-20 17:23:25 | INFO | plant.server | tick -> water_level=53.0 pump=True valve=False
2026-09-20 17:23:26 | INFO | plant.server | tick -> water_level=54.0 pump=True valve=False
2026-09-20 17:23:27 | INFO | plant.server | tick -> water_level=55.0 pump=True valve=False
2026-09-20 17:23:28 | INFO | plant.server | tick -> water_level=56.0 pump=True valve=False
2026-09-20 17:23:29 | INFO | plant.server | tick -> water_level=57.0 pump=True valve=False
2026-09-20 17:23:30 | INFO | plant.server | tick -> water_level=58.0 pump=True valve=False
2026-09-20 17:23:31 | INFO | plant.server | tick -> water_level=59.0 pump=True valve=False
2026-09-20 17:23:32 | INFO | plant.server | tick -> water_level=60.0 pump=True valve=False
2026-09-20 17:23:33 | INFO | plant.server | tick -> water_level=61.0 pump=True valve=False
2026-09-20 17:23:34 | INFO | plant.server | tick -> water_level=62.0 pump=True valve=False
2026-09-20 17:23:35 | INFO | plant.server | tick -> water_level=63.0 pump=True valve=False
2026-09-20 17:23:36 | INFO | plant.server | tick -> water_level=64.0 pump=True valve=False
2026-09-20 17:23:37 | INFO | plant.server | tick -> water_level=65.0 pump=True valve=False
2026-09-20 17:23:38 | INFO | plant.server | tick -> water_level=66.0 pump=True valve=False
2026-09-20 17:23:39 | INFO | plant.server | tick -> water_level=67.0 pump=True valve=False
2026-09-20 17:23:40 | INFO | plant.server | tick -> water_level=68.0 pump=True valve=False
2026-09-20 17:23:41 | INFO | plant.server | tick -> water_level=69.0 pump=True valve=False
2026-09-20 17:23:42 | INFO | plant.server | tick -> water_level=70.0 pump=True valve=False
2026-09-20 17:23:43 | INFO | plant.server | tick -> water_level=71.0 pump=True valve=False
2026-09-20 17:23:44 | INFO | plant.server | tick -> water_level=72.0 pump=True valve=False
2026-09-20 17:23:45 | INFO | plant.server | tick -> water_level=73.0 pump=True valve=False
2026-09-20 17:23:46 | INFO | plant.server | tick -> water_level=74.0 pump=True valve=False
2026-09-20 17:23:47 | INFO | plant.server | tick -> water_level=75.0 pump=True valve=False
2026-09-20 17:23:48 | INFO | plant.server | tick -> water_level=76.0 pump=True valve=False
2026-09-20 17:23:49 | INFO | plant.server | tick -> water_level=76.0 pump=False valve=False
2026-09-20 17:23:50 | INFO | plant.server | tick -> water_level=76.0 pump=False valve=False
2026-09-20 17:23:51 | INFO | plant.server | tick -> water_level=76.0 pump=False valve=False
2026-09-20 17:23:52 | INFO | plant.server | tick -> water_level=76.0 pump=False valve=False
2026-09-20 17:23:53 | INFO | plant.server | tick -> water_level=75.0 pump=False valve=True
2026-09-20 17:23:54 | INFO | plant.server | tick -> water_level=74.0 pump=False valve=True
2026-09-20 17:23:55 | INFO | plant.server | tick -> water_level=73.0 pump=False valve=True
2026-09-20 17:23:56 | INFO | plant.server | tick -> water_level=72.0 pump=False valve=True
2026-09-20 17:23:57 | INFO | plant.server | tick -> water_level=71.0 pump=False valve=True
2026-09-20 17:23:58 | INFO | plant.server | tick -> water_level=70.0 pump=False valve=True
2026-09-20 17:23:59 | INFO | plant.server | tick -> water_level=69.0 pump=False valve=True
2026-09-20 17:24:00 | INFO | plant.server | tick -> water_level=68.0 pump=False valve=True
2026-09-20 17:24:01 | INFO | plant.server | tick -> water_level=67.0 pump=False valve=True
2026-09-20 17:24:02 | INFO | plant.server | tick -> water_level=66.0 pump=False valve=True
2026-09-20 17:24:03 | INFO | plant.server | tick -> water_level=65.0 pump=False valve=True
2026-09-20 17:24:04 | INFO | plant.server | tick -> water_level=64.0 pump=False valve=True
2026-09-20 17:24:05 | INFO | plant.server | tick -> water_level=63.0 pump=False valve=True
2026-09-20 17:24:06 | INFO | plant.server | tick -> water_level=62.0 pump=False valve=True
2026-09-20 17:24:07 | INFO | plant.server | tick -> water_level=61.0 pump=False valve=True
2026-09-20 17:24:08 | INFO | plant.server | tick -> water_level=60.0 pump=False valve=True
2026-09-20 17:24:09 | INFO | plant.server | tick -> water_level=59.0 pump=False valve=True
2026-09-20 17:24:10 | INFO | plant.server | tick -> water_level=58.0 pump=False valve=True
2026-09-20 17:24:11 | INFO | plant.server | tick -> water_level=57.0 pump=False valve=True
2026-09-20 17:24:12 | INFO | plant.server | tick -> water_level=56.0 pump=False valve=True
2026-09-20 17:24:13 | INFO | plant.server | tick -> water_level=55.0 pump=False valve=True
2026-09-20 17:24:14 | INFO | plant.server | tick -> water_level=54.0 pump=False valve=True
2026-09-20 17:24:15 | INFO | plant.server | tick -> water_level=53.0 pump=False valve=True
2026-09-20 17:24:16 | INFO | plant.server | tick -> water_level=52.0 pump=False valve=True
